zsh:1: no such file or directory: /Applications/Godot.app/Contents/MacOS/Godot
